// Jest Snapshot v1, https://goo.gl/fbAQLP

exports[`ColorPicker component renders ColorPicker 1`] = `
<Fragment>
  <button
    key="red"
    onClick={[Function]}
  >
    red
  </button>
</Fragment>
`;
